  throw err;
  ^
Error: Cannot find module 'C:\Users\vashi\OneDrive\Desktop\Airline reservation project\frontend\node_modules\npm\bin\npm-prefix.js'
    at Function._resolveFilename (node:internal/modules/cjs/loader:1225:15)
    at Function._load (node:internal/modules/cjs/loader:1055:27)
    at TracingChannel.traceSync (node:diagnostics_channel:322:14)
    at wrapModuleLoad (node:internal/modules/cjs/loader:220:24)
    at Function.executeUserEntryPoint [as runMain] (node:internal/modules/run_main:170:5)
    at node:internal/main/run_main_module:36:49 {
  code: 'MODULE_NOT_FOUND',
  requireStack: []
}
Node.js v22.14.0
node:internal/modules/cjs/loader:1228
  throw err;
node:internal/modules/cjs/loader:1228
  ^
Error: Cannot find module 'C:\Users\vashi\OneDrive\Desktop\Airline reservation project\frontend\node_modules\npm\bin\npm-cli.js'
    at Function._resolveFilename (node:internal/modules/cjs/loader:1225:15)
    at Function._load (node:internal/modules/cjs/loader:1055:27)
    at TracingChannel.traceSync (node:diagnostics_channel:322:14)
    at node:internal/main/run_main_module:36:49 {
    at Function.executeUserEntryPoint [as runMain] (node:internal/modules/run_main:170:5)
  code: 'MODULE_NOT_FOUND',
  requireStack: []
}
Node.js v22.14.0
    at wrapModuleLoad (node:internal/modules/cjs/loader:220:24)
